// Jest Snapshot v1, https://goo.gl/fbAQLP

exports[`AddHomework matches snapshot 1`] = `
Array [
  <div
    className="fixed top-0 left-0 w-full h-screen z-20 bg-neutral-900 opacity-70"
    onClick={[Function]}
  />,
  <div
    className=" fixed top-1/3 w-11/12 lg:ml-32 lg:w-auto h-auto left-1/2 -translate-x-1/2 bg-white rounded z-30 shadow-lg animate-slideDown lg:top-1/4"
  >
    <div
      className="absolute hidden justify-center items-center w-full h-full bg-neutral-900 opacity-70 z-30"
    />
    <div
      className="p-4"
    >
      <div>
        <div
          className="relative flex flex-col lg:pl-4"
        >
          <div
            className="relative flex justify-end"
          >
            <i
              className="bi bi-x-lg absolute text-3xl lg:text-xl -top-2 -right-2"
              onClick={[Function]}
            />
          </div>
          <div>
            <div
              className="flex flex-col items-center mb-2 lg:min-w-[43rem]"
            >
              <h1
                className="font-bold text-lg my-4"
              >
                UUE ÕPPEAINE LISAMINE
              </h1>
              <div
                className="flex flex-col justify-center lg:flex-row space-x-0 space-y-4 lg:space-y-0 lg:space-x-4 w-full"
              >
                <div
                  className="relative"
                >
                  <label
                    className="absolute left-0 ml-2 text-xs -top-2 text-gray-400 bg-transparent duration-200"
                    htmlFor="input"
                  />
                  <input
                    autoComplete="off"
                    className="p-2 border border-borderGray  w-full rounded-none font-normal focus:outline-none focus:border-black"
                    name="subject"
                    onBlur={[Function]}
                    onChange={[Function]}
                    onMouseEnter={[Function]}
                    onMouseLeave={[Function]}
                    placeholder="Õppeaine"
                    readOnly={false}
                    type="text"
                    value=""
                  />
                </div>
                <div
                  className="relative"
                >
                  <label
                    className="absolute left-0 ml-2 text-xs -top-2 text-gray-400 bg-transparent duration-200"
                    htmlFor="input"
                  />
                  <input
                    autoComplete="off"
                    className="p-2 border border-borderGray  w-full rounded-none font-normal focus:outline-none focus:border-black"
                    name="subjectCode"
                    onBlur={[Function]}
                    onChange={[Function]}
                    onMouseEnter={[Function]}
                    onMouseLeave={[Function]}
                    placeholder="Ainekood"
                    readOnly={false}
                    type="text"
                    value=""
                  />
                </div>
                <div
                  className="relative"
                >
                  <label
                    className="absolute left-0 ml-2 text-xs -top-2 text-gray-400 bg-transparent duration-200"
                    htmlFor="input"
                  />
                  <input
                    autoComplete="off"
                    className="p-2 border border-borderGray  w-full rounded-none font-normal focus:outline-none focus:border-black"
                    name="creditPoint"
                    onBlur={[Function]}
                    onChange={[Function]}
                    onMouseEnter={[Function]}
                    onMouseLeave={[Function]}
                    placeholder="EAP"
                    readOnly={false}
                    type="text"
                    value=""
                  />
                </div>
                <div
                  className="hidden lg:flex justify-end items-center w-16"
                >
                  <i
                    className="bi bi-plus text-4xl"
                    onClick={[Function]}
                  />
                </div>
              </div>
            </div>
          </div>
          <div
            className="flex justify-center lg:justify-between w-full pt-8"
          >
            <div
              className="relative"
            />
            <div
              className="relative"
            >
              <button
                className="btn-actions"
                name="create"
                onClick={[Function]}
                type="submit"
              >
                SALVESTA
              </button>
            </div>
          </div>
        </div>
      </div>
    </div>
  </div>,
]
`;
