// Jest Snapshot v1, https://goo.gl/fbAQLP

exports[`InputWithPlaceholder matches snapshot 1`] = `
<div
  className="relative flex flex-col w-full"
>
  <input
    autoComplete="off"
    className="p-2 border border-borderGray  rounded-none font-normal focus:outline-none focus:border-black"
    name=""
    onBlur={[Function]}
    onChange={[Function]}
    onMouseEnter={[Function]}
    onMouseLeave={[Function]}
    readOnly={false}
    type="text"
    value=""
  />
</div>
`;
