// Jest Snapshot v1, https://goo.gl/fbAQLP

exports[`Modal matches snapshot 1`] = `
<div
  className="animate-slideRightOff fixed top-20 w-full h-full left-1/2 -translate-x-1/2 bg-white z-30 shadow-lg"
  data-testid="modal-overlay"
>
  <div
    className="absolute hidden justify-center items-center w-full h-full bg-neutral-900 opacity-70 z-30"
  />
  <div
    className="p-4"
  >
    <div />
  </div>
</div>
`;
